  [1m[35m (62.7ms)[0m  [1m[35mCREATE TABLE "schema_migrations" ("version" varchar NOT NULL PRIMARY KEY) /*application='Demo'*/[0m
  [1m[35m (0.7ms)[0m  [1m[35mCREATE TABLE "ar_internal_metadata" ("key" varchar NOT NULL PRIMARY KEY, "value" varchar, "created_at" datetime(6) NOT NULL, "updated_at" datetime(6) NOT NULL) /*application='Demo'*/[0m
  [1m[36mActiveRecord::SchemaMigration Load (0.4ms)[0m  [1m[34mSELECT "schema_migrations"."version" FROM "schema_migrations" ORDER BY "schema_migrations"."version" ASC /*application='Demo'*/[0m
Started GET "/" for 127.0.0.1 at 2024-12-27 18:57:50 -0500
  [1m[36mActiveRecord::SchemaMigration Load (2.4ms)[0m  [1m[34mSELECT "schema_migrations"."version" FROM "schema_migrations" ORDER BY "schema_migrations"."version" ASC /*application='Demo'*/[0m
Processing by Rails::WelcomeController#index as HTML
  Rendering /home/student/.local/share/mise/installs/ruby/3.4.1/lib/ruby/gems/3.4.0/gems/railties-8.0.1/lib/rails/templates/rails/welcome/index.html.erb
  Rendered /home/student/.local/share/mise/installs/ruby/3.4.1/lib/ruby/gems/3.4.0/gems/railties-8.0.1/lib/rails/templates/rails/welcome/index.html.erb (Duration: 4.2ms | GC: 0.0ms)
Completed 200 OK in 175ms (Views: 19.8ms | ActiveRecord: 0.0ms (0 queries, 0 cached) | GC: 0.0ms)


Started GET "/say/hello" for 127.0.0.1 at 2024-12-27 18:58:27 -0500
Processing by SayController#hello as HTML
  Rendering layout layouts/application.html.erb
  Rendering say/hello.html.erb within layouts/application
  Rendered say/hello.html.erb within layouts/application (Duration: 1.4ms | GC: 0.0ms)
  Rendered layout layouts/application.html.erb (Duration: 55.3ms | GC: 0.0ms)
Completed 200 OK in 142ms (Views: 59.7ms | ActiveRecord: 0.0ms (0 queries, 0 cached) | GC: 0.0ms)


Started GET "/assets/application-8b441ae0.css" for 127.0.0.1 at 2024-12-27 18:58:28 -0500
Started GET "/assets/application-bfcdf840.js" for 127.0.0.1 at 2024-12-27 18:58:28 -0500
Started GET "/assets/turbo.min-fae85750.js" for 127.0.0.1 at 2024-12-27 18:58:28 -0500
Started GET "/assets/controllers/hello_controller-708796bd.js" for 127.0.0.1 at 2024-12-27 18:58:28 -0500
Started GET "/assets/controllers/index-ee64e1f1.js" for 127.0.0.1 at 2024-12-27 18:58:28 -0500
Started GET "/assets/stimulus.min-4b1e420e.js" for 127.0.0.1 at 2024-12-27 18:58:28 -0500
Started GET "/assets/stimulus-loading-1fc53fe7.js" for 127.0.0.1 at 2024-12-27 18:58:28 -0500
Started GET "/assets/controllers/application-3affb389.js" for 127.0.0.1 at 2024-12-27 18:58:28 -0500
Started GET "/say/goodbye" for 127.0.0.1 at 2024-12-27 18:58:43 -0500
Processing by SayController#goodbye as HTML
  Rendering layout layouts/application.html.erb
  Rendering say/goodbye.html.erb within layouts/application
  Rendered say/goodbye.html.erb within layouts/application (Duration: 1.0ms | GC: 0.0ms)
  Rendered layout layouts/application.html.erb (Duration: 50.6ms | GC: 0.0ms)
Completed 200 OK in 91ms (Views: 52.7ms | ActiveRecord: 0.0ms (0 queries, 0 cached) | GC: 0.0ms)


Started GET "/say/hello" for 127.0.0.1 at 2024-12-27 19:07:01 -0500
  [1m[36mActiveRecord::SchemaMigration Load (2.1ms)[0m  [1m[34mSELECT "schema_migrations"."version" FROM "schema_migrations" ORDER BY "schema_migrations"."version" ASC /*application='Demo'*/[0m
Processing by SayController#hello as HTML
  Rendering layout layouts/application.html.erb
  Rendering say/hello.html.erb within layouts/application
  Rendered say/hello.html.erb within layouts/application (Duration: 1.9ms | GC: 0.0ms)
  Rendered layout layouts/application.html.erb (Duration: 65.8ms | GC: 0.0ms)
Completed 200 OK in 210ms (Views: 89.1ms | ActiveRecord: 0.0ms (0 queries, 0 cached) | GC: 0.0ms)


Started GET "/say/hello" for 127.0.0.1 at 2024-12-27 19:25:08 -0500
  [1m[36mActiveRecord::SchemaMigration Load (2.3ms)[0m  [1m[34mSELECT "schema_migrations"."version" FROM "schema_migrations" ORDER BY "schema_migrations"."version" ASC /*application='Demo'*/[0m
Processing by SayController#hello as HTML
  Rendering layout layouts/application.html.erb
  Rendering say/hello.html.erb within layouts/application
  Rendered say/hello.html.erb within layouts/application (Duration: 7.6ms | GC: 0.0ms)
  Rendered layout layouts/application.html.erb (Duration: 15.1ms | GC: 0.0ms)
Completed 500 Internal Server Error in 149ms (ActiveRecord: 0.0ms (0 queries, 0 cached) | GC: 0.0ms)


  
ActionView::Template::Error (undefined local variable or method 'link_toTime' for an instance of #<Class:0x00007fdb03935018>)
Caused by: NameError (undefined local variable or method 'link_toTime' for an instance of #<Class:0x00007fdb03935018>)

Information for: ActionView::Template::Error (undefined local variable or method 'link_toTime' for an instance of #<Class:0x00007fdb03935018>):
    1: <h1>Hello from Rails!</h1>
    2: <p>
    3: 
    4:     It is now <%= link_toTime.now %>
    5: 
    6:     Sy <a href="/say/goodbye">Goodbye </a>!
    7: </p>
  
app/views/say/hello.html.erb:4

Information for cause: NameError (undefined local variable or method 'link_toTime' for an instance of #<Class:0x00007fdb03935018>):
  
app/views/say/hello.html.erb:4
Started GET "/favicon.ico" for 127.0.0.1 at 2024-12-27 19:25:10 -0500
  
ActionController::RoutingError (No route matches [GET] "/favicon.ico"):
  
Started GET "/say/hello" for 127.0.0.1 at 2024-12-27 19:25:46 -0500
Processing by SayController#hello as HTML
  Rendering layout layouts/application.html.erb
  Rendering say/hello.html.erb within layouts/application
  Rendered say/hello.html.erb within layouts/application (Duration: 10.2ms | GC: 0.0ms)
  Rendered layout layouts/application.html.erb (Duration: 81.6ms | GC: 15.3ms)
Completed 200 OK in 140ms (Views: 86.3ms | ActiveRecord: 0.0ms (0 queries, 0 cached) | GC: 15.3ms)


Started GET "/say/goodbye" for 127.0.0.1 at 2024-12-27 19:25:48 -0500
Processing by SayController#goodbye as HTML
  Rendering layout layouts/application.html.erb
  Rendering say/goodbye.html.erb within layouts/application
  Rendered say/goodbye.html.erb within layouts/application (Duration: 3.5ms | GC: 0.0ms)
  Rendered layout layouts/application.html.erb (Duration: 8.0ms | GC: 0.0ms)
Completed 200 OK in 45ms (Views: 9.9ms | ActiveRecord: 0.0ms (0 queries, 0 cached) | GC: 1.3ms)


Started GET "/say/hello" for 127.0.0.1 at 2024-12-27 19:25:50 -0500
Processing by SayController#hello as HTML
  Rendering layout layouts/application.html.erb
  Rendering say/hello.html.erb within layouts/application
  Rendered say/hello.html.erb within layouts/application (Duration: 0.5ms | GC: 0.0ms)
  Rendered layout layouts/application.html.erb (Duration: 7.3ms | GC: 0.0ms)
Completed 200 OK in 33ms (Views: 9.3ms | ActiveRecord: 0.0ms (0 queries, 0 cached) | GC: 0.0ms)


  [1m[36mActiveRecord::SchemaMigration Load (3.9ms)[0m  [1m[34mSELECT "schema_migrations"."version" FROM "schema_migrations" ORDER BY "schema_migrations"."version" ASC /*application='Demo'*/[0m
  [1m[36mActiveRecord::SchemaMigration Load (9.3ms)[0m  [1m[34mSELECT "schema_migrations"."version" FROM "schema_migrations" ORDER BY "schema_migrations"."version" ASC /*application='Demo'*/[0m
Started GET "/" for 127.0.0.1 at 2025-01-02 17:14:31 -0500
  [1m[36mActiveRecord::SchemaMigration Load (1.9ms)[0m  [1m[34mSELECT "schema_migrations"."version" FROM "schema_migrations" ORDER BY "schema_migrations"."version" ASC /*application='Demo'*/[0m
Processing by Rails::WelcomeController#index as HTML
  Rendering /home/student/.local/share/mise/installs/ruby/3.4.1/lib/ruby/gems/3.4.0/gems/railties-8.0.1/lib/rails/templates/rails/welcome/index.html.erb
  Rendered /home/student/.local/share/mise/installs/ruby/3.4.1/lib/ruby/gems/3.4.0/gems/railties-8.0.1/lib/rails/templates/rails/welcome/index.html.erb (Duration: 3.5ms | GC: 0.0ms)
Completed 200 OK in 253ms (Views: 15.7ms | ActiveRecord: 0.0ms (0 queries, 0 cached) | GC: 0.0ms)


Started GET "/say" for 127.0.0.1 at 2025-01-02 17:14:40 -0500
  
ActionController::RoutingError (No route matches [GET] "/say"):
  
Started GET "/favicon.ico" for 127.0.0.1 at 2025-01-02 17:14:41 -0500
  
ActionController::RoutingError (No route matches [GET] "/favicon.ico"):
  
Started GET "/say/hello" for 127.0.0.1 at 2025-01-02 17:14:45 -0500
Processing by SayController#hello as HTML
  Rendering layout layouts/application.html.erb
  Rendering say/hello.html.erb within layouts/application
  Rendered say/hello.html.erb within layouts/application (Duration: 4.8ms | GC: 0.0ms)
  Rendered layout layouts/application.html.erb (Duration: 84.1ms | GC: 4.2ms)
Completed 200 OK in 175ms (Views: 94.2ms | ActiveRecord: 0.0ms (0 queries, 0 cached) | GC: 5.9ms)


Started GET "/say/goodbye" for 127.0.0.1 at 2025-01-02 17:17:05 -0500
Processing by SayController#goodbye as HTML
  Rendering layout layouts/application.html.erb
  Rendering say/goodbye.html.erb within layouts/application
  Rendered say/goodbye.html.erb within layouts/application (Duration: 4.6ms | GC: 0.0ms)
  Rendered layout layouts/application.html.erb (Duration: 156.4ms | GC: 31.5ms)
Completed 200 OK in 197ms (Views: 160.6ms | ActiveRecord: 0.0ms (0 queries, 0 cached) | GC: 36.0ms)


Started GET "/say/goodbye" for 127.0.0.1 at 2025-01-02 17:25:01 -0500
Processing by SayController#goodbye as HTML
  Rendering layout layouts/application.html.erb
  Rendering say/goodbye.html.erb within layouts/application
  Rendered say/goodbye.html.erb within layouts/application (Duration: 4.1ms | GC: 0.0ms)
  Rendered layout layouts/application.html.erb (Duration: 28.6ms | GC: 0.0ms)
Completed 200 OK in 80ms (Views: 41.9ms | ActiveRecord: 0.0ms (0 queries, 0 cached) | GC: 4.4ms)


Started GET "/say/hello" for 127.0.0.1 at 2025-01-02 17:25:08 -0500
Processing by SayController#hello as HTML
  Rendering layout layouts/application.html.erb
  Rendering say/hello.html.erb within layouts/application
  Rendered say/hello.html.erb within layouts/application (Duration: 1.9ms | GC: 0.0ms)
  Rendered layout layouts/application.html.erb (Duration: 10.9ms | GC: 0.0ms)
Completed 200 OK in 71ms (Views: 13.8ms | ActiveRecord: 0.0ms (0 queries, 0 cached) | GC: 1.0ms)


Started GET "/say/goodbye" for 127.0.0.1 at 2025-01-02 17:25:14 -0500
Processing by SayController#goodbye as HTML
  Rendering layout layouts/application.html.erb
  Rendering say/goodbye.html.erb within layouts/application
  Rendered say/goodbye.html.erb within layouts/application (Duration: 0.3ms | GC: 0.0ms)
  Rendered layout layouts/application.html.erb (Duration: 7.7ms | GC: 0.0ms)
Completed 200 OK in 43ms (Views: 12.6ms | ActiveRecord: 0.0ms (0 queries, 0 cached) | GC: 0.0ms)


Started GET "/" for 127.0.0.1 at 2025-01-02 17:25:26 -0500
Processing by Rails::WelcomeController#index as HTML
  Rendering /home/student/.local/share/mise/installs/ruby/3.4.1/lib/ruby/gems/3.4.0/gems/railties-8.0.1/lib/rails/templates/rails/welcome/index.html.erb
  Rendered /home/student/.local/share/mise/installs/ruby/3.4.1/lib/ruby/gems/3.4.0/gems/railties-8.0.1/lib/rails/templates/rails/welcome/index.html.erb (Duration: 3.5ms | GC: 0.0ms)
Completed 200 OK in 47ms (Views: 10.4ms | ActiveRecord: 0.0ms (0 queries, 0 cached) | GC: 0.0ms)


Started GET "/say/hello" for 127.0.0.1 at 2025-01-02 17:26:13 -0500
Processing by SayController#hello as HTML
  Rendering layout layouts/application.html.erb
  Rendering say/hello.html.erb within layouts/application
  Rendered say/hello.html.erb within layouts/application (Duration: 4.8ms | GC: 0.0ms)
  Rendered layout layouts/application.html.erb (Duration: 24.9ms | GC: 0.0ms)
Completed 200 OK in 89ms (Views: 44.1ms | ActiveRecord: 0.0ms (0 queries, 0 cached) | GC: 0.6ms)


Started GET "/say/hello" for 127.0.0.1 at 2025-01-02 17:27:29 -0500
Processing by SayController#hello as HTML
  Rendering layout layouts/application.html.erb
  Rendering say/hello.html.erb within layouts/application
  Rendered say/hello.html.erb within layouts/application (Duration: 3.4ms | GC: 0.0ms)
  Rendered layout layouts/application.html.erb (Duration: 16.7ms | GC: 0.0ms)
Completed 200 OK in 66ms (Views: 21.7ms | ActiveRecord: 0.0ms (0 queries, 0 cached) | GC: 0.0ms)


Started GET "/say/hello" for 127.0.0.1 at 2025-01-02 17:28:08 -0500
Processing by SayController#hello as HTML
  Rendering layout layouts/application.html.erb
  Rendering say/hello.html.erb within layouts/application
  Rendered say/hello.html.erb within layouts/application (Duration: 1.0ms | GC: 0.0ms)
  Rendered layout layouts/application.html.erb (Duration: 30.8ms | GC: 0.0ms)
Completed 200 OK in 71ms (Views: 38.4ms | ActiveRecord: 0.0ms (0 queries, 0 cached) | GC: 0.0ms)


Started GET "/say/hello" for 127.0.0.1 at 2025-01-02 17:38:20 -0500
Processing by SayController#hello as HTML
  Rendering layout layouts/application.html.erb
  Rendering say/hello.html.erb within layouts/application
  Rendered say/hello.html.erb within layouts/application (Duration: 0.8ms | GC: 0.0ms)
  Rendered layout layouts/application.html.erb (Duration: 20.9ms | GC: 0.0ms)
Completed 200 OK in 61ms (Views: 26.5ms | ActiveRecord: 0.0ms (0 queries, 0 cached) | GC: 0.0ms)


Started GET "/say/goodbye" for 127.0.0.1 at 2025-01-02 18:34:03 -0500
Processing by SayController#goodbye as HTML
  Rendering layout layouts/application.html.erb
  Rendering say/goodbye.html.erb within layouts/application
  Rendered say/goodbye.html.erb within layouts/application (Duration: 26.2ms | GC: 0.0ms)
  Rendered layout layouts/application.html.erb (Duration: 100.9ms | GC: 0.0ms)
Completed 200 OK in 206ms (Views: 120.3ms | ActiveRecord: 0.0ms (0 queries, 0 cached) | GC: 0.0ms)


Started GET "/say/hello" for 127.0.0.1 at 2025-01-02 18:34:07 -0500
Processing by SayController#hello as HTML
  Rendering layout layouts/application.html.erb
  Rendering say/hello.html.erb within layouts/application
  Rendered say/hello.html.erb within layouts/application (Duration: 16.3ms | GC: 0.0ms)
  Rendered layout layouts/application.html.erb (Duration: 61.9ms | GC: 0.0ms)
Completed 200 OK in 104ms (Views: 64.0ms | ActiveRecord: 0.0ms (0 queries, 0 cached) | GC: 0.0ms)


Started GET "/say/goodbye" for 127.0.0.1 at 2025-01-02 18:34:08 -0500
Processing by SayController#goodbye as HTML
  Rendering layout layouts/application.html.erb
  Rendering say/goodbye.html.erb within layouts/application
  Rendered say/goodbye.html.erb within layouts/application (Duration: 1.3ms | GC: 0.0ms)
  Rendered layout layouts/application.html.erb (Duration: 12.6ms | GC: 0.0ms)
Completed 200 OK in 52ms (Views: 20.3ms | ActiveRecord: 0.0ms (0 queries, 0 cached) | GC: 0.0ms)


Started GET "/say/hello" for 127.0.0.1 at 2025-01-02 18:35:26 -0500
Processing by SayController#hello as HTML
  Rendering layout layouts/application.html.erb
  Rendering say/hello.html.erb within layouts/application
  Rendered say/hello.html.erb within layouts/application (Duration: 2.6ms | GC: 0.0ms)
  Rendered layout layouts/application.html.erb (Duration: 62.0ms | GC: 0.0ms)
Completed 200 OK in 125ms (Views: 78.8ms | ActiveRecord: 0.0ms (0 queries, 0 cached) | GC: 0.0ms)


Started GET "/say/hello" for 127.0.0.1 at 2025-01-02 18:35:33 -0500
Processing by SayController#hello as HTML
  Rendering layout layouts/application.html.erb
  Rendering say/hello.html.erb within layouts/application
  Rendered say/hello.html.erb within layouts/application (Duration: 1.2ms | GC: 0.0ms)
  Rendered layout layouts/application.html.erb (Duration: 29.2ms | GC: 0.0ms)
Completed 200 OK in 65ms (Views: 36.3ms | ActiveRecord: 0.0ms (0 queries, 0 cached) | GC: 0.0ms)


Started GET "/say/hello" for 127.0.0.1 at 2025-01-02 18:39:04 -0500
Processing by SayController#hello as HTML
  Rendering layout layouts/application.html.erb
  Rendering say/hello.html.erb within layouts/application
  Rendered say/hello.html.erb within layouts/application (Duration: 31.3ms | GC: 5.8ms)
  Rendered layout layouts/application.html.erb (Duration: 32.7ms | GC: 5.8ms)
Completed 500 Internal Server Error in 101ms (ActiveRecord: 0.0ms (0 queries, 0 cached) | GC: 5.8ms)


  
ActionView::Template::Error (undefined method 'llink_to' for an instance of #<Class:0x00007f0b77c18340>)
Caused by: NoMethodError (undefined method 'llink_to' for an instance of #<Class:0x00007f0b77c18340>)

Information for: ActionView::Template::Error (undefined method 'llink_to' for an instance of #<Class:0x00007f0b77c18340>):
     7: </p>
     8: <p>
     9: Time to say 
    10:     <%= llink_to "Goodbye", say_goodbye_path %>
    11: <!--
    12:  Say <a href="/say/goodbye">Goodbye </a>!
    13: -->
  
app/views/say/hello.html.erb:10

Information for cause: NoMethodError (undefined method 'llink_to' for an instance of #<Class:0x00007f0b77c18340>):
  
app/views/say/hello.html.erb:10
Started GET "/say/hello" for 127.0.0.1 at 2025-01-02 18:39:16 -0500
Processing by SayController#hello as HTML
  Rendering layout layouts/application.html.erb
  Rendering say/hello.html.erb within layouts/application
  Rendered say/hello.html.erb within layouts/application (Duration: 7.0ms | GC: 0.0ms)
  Rendered layout layouts/application.html.erb (Duration: 46.6ms | GC: 3.2ms)
Completed 200 OK in 97ms (Views: 62.0ms | ActiveRecord: 0.0ms (0 queries, 0 cached) | GC: 3.2ms)


Started GET "/say/hello" for 127.0.0.1 at 2025-01-02 18:40:54 -0500
Processing by SayController#hello as HTML
  Rendering layout layouts/application.html.erb
  Rendering say/hello.html.erb within layouts/application
  Rendered say/hello.html.erb within layouts/application (Duration: 2.5ms | GC: 0.0ms)
  Rendered layout layouts/application.html.erb (Duration: 13.1ms | GC: 2.1ms)
Completed 200 OK in 48ms (Views: 24.5ms | ActiveRecord: 0.0ms (0 queries, 0 cached) | GC: 2.1ms)


Started GET "/say/goodbye" for 127.0.0.1 at 2025-01-02 18:40:56 -0500
Processing by SayController#goodbye as HTML
  Rendering layout layouts/application.html.erb
  Rendering say/goodbye.html.erb within layouts/application
  Rendered say/goodbye.html.erb within layouts/application (Duration: 1.4ms | GC: 0.0ms)
  Rendered layout layouts/application.html.erb (Duration: 5.5ms | GC: 0.0ms)
Completed 200 OK in 32ms (Views: 8.6ms | ActiveRecord: 0.0ms (0 queries, 0 cached) | GC: 0.0ms)


Started GET "/say/hello" for 127.0.0.1 at 2025-01-02 18:40:59 -0500
Processing by SayController#hello as HTML
  Rendering layout layouts/application.html.erb
  Rendering say/hello.html.erb within layouts/application
  Rendered say/hello.html.erb within layouts/application (Duration: 1.8ms | GC: 0.0ms)
  Rendered layout layouts/application.html.erb (Duration: 5.8ms | GC: 0.0ms)
Completed 200 OK in 34ms (Views: 7.1ms | ActiveRecord: 0.0ms (0 queries, 0 cached) | GC: 0.0ms)


Started GET "/say/hello" for 127.0.0.1 at 2025-01-02 18:42:20 -0500
Processing by SayController#hello as HTML
  Rendering layout layouts/application.html.erb
  Rendering say/hello.html.erb within layouts/application
  Rendered say/hello.html.erb within layouts/application (Duration: 3.2ms | GC: 0.0ms)
  Rendered layout layouts/application.html.erb (Duration: 16.4ms | GC: 0.0ms)
Completed 200 OK in 63ms (Views: 31.2ms | ActiveRecord: 0.0ms (0 queries, 0 cached) | GC: 2.2ms)


Started GET "/say/goodbye" for 127.0.0.1 at 2025-01-02 18:42:21 -0500
Processing by SayController#goodbye as HTML
  Rendering layout layouts/application.html.erb
  Rendering say/goodbye.html.erb within layouts/application
  Rendered say/goodbye.html.erb within layouts/application (Duration: 1.3ms | GC: 0.0ms)
  Rendered layout layouts/application.html.erb (Duration: 3.6ms | GC: 0.0ms)
Completed 200 OK in 50ms (Views: 4.7ms | ActiveRecord: 0.0ms (0 queries, 0 cached) | GC: 1.2ms)


Started GET "/say/hello" for 127.0.0.1 at 2025-01-02 18:42:24 -0500
Processing by SayController#hello as HTML
  Rendering layout layouts/application.html.erb
  Rendering say/hello.html.erb within layouts/application
  Rendered say/hello.html.erb within layouts/application (Duration: 0.9ms | GC: 0.0ms)
  Rendered layout layouts/application.html.erb (Duration: 12.6ms | GC: 7.9ms)
Completed 200 OK in 74ms (Views: 25.5ms | ActiveRecord: 0.0ms (0 queries, 0 cached) | GC: 20.4ms)


Started GET "/say/goodbye" for 127.0.0.1 at 2025-01-03 13:04:08 -0500
Started GET "/say/hello" for 127.0.0.1 at 2025-01-03 13:04:08 -0500
  [1m[36mActiveRecord::SchemaMigration Load (2.2ms)[0m  [1m[34mSELECT "schema_migrations"."version" FROM "schema_migrations" ORDER BY "schema_migrations"."version" ASC /*application='Demo'*/[0m
  
ActionController::RoutingError (No route matches [GET] "/say/hello"):
  
Processing by SayController#goodbye as HTML
  Rendering layout layouts/application.html.erb
  Rendering say/goodbye.html.erb within layouts/application
  Rendered say/goodbye.html.erb within layouts/application (Duration: 26.1ms | GC: 0.0ms)
  Rendered layout layouts/application.html.erb (Duration: 176.7ms | GC: 7.0ms)
Completed 200 OK in 978ms (Views: 206.4ms | ActiveRecord: 0.0ms (0 queries, 0 cached) | GC: 50.2ms)


Started GET "/say/hello" for 127.0.0.1 at 2025-01-03 13:04:15 -0500
Processing by SayController#hello as HTML
  Rendering layout layouts/application.html.erb
  Rendering say/hello.html.erb within layouts/application
  Rendered say/hello.html.erb within layouts/application (Duration: 4.0ms | GC: 0.0ms)
  Rendered layout layouts/application.html.erb (Duration: 17.9ms | GC: 0.0ms)
Completed 200 OK in 104ms (Views: 36.3ms | ActiveRecord: 0.0ms (0 queries, 0 cached) | GC: 0.0ms)


Started GET "/assets/application-8b441ae0.css" for 127.0.0.1 at 2025-01-03 13:04:15 -0500
Started GET "/assets/application-bfcdf840.js" for 127.0.0.1 at 2025-01-03 13:04:15 -0500
Started GET "/assets/turbo.min-fae85750.js" for 127.0.0.1 at 2025-01-03 13:04:15 -0500
Started GET "/assets/controllers/hello_controller-708796bd.js" for 127.0.0.1 at 2025-01-03 13:04:15 -0500
Started GET "/assets/controllers/index-ee64e1f1.js" for 127.0.0.1 at 2025-01-03 13:04:15 -0500
Started GET "/assets/stimulus.min-4b1e420e.js" for 127.0.0.1 at 2025-01-03 13:04:15 -0500
Started GET "/assets/controllers/application-3affb389.js" for 127.0.0.1 at 2025-01-03 13:04:15 -0500
Started GET "/assets/stimulus-loading-1fc53fe7.js" for 127.0.0.1 at 2025-01-03 13:04:16 -0500
Started GET "/assets/turbo.min-5dd5a71a.js.map" for 127.0.0.1 at 2025-01-03 13:04:16 -0500
Started GET "/assets/stimulus.min-2395e199.js.map" for 127.0.0.1 at 2025-01-03 13:04:16 -0500
Started GET "/say/hello" for 127.0.0.1 at 2025-01-03 13:05:18 -0500
Processing by SayController#hello as HTML
Completed 500 Internal Server Error in 69ms (ActiveRecord: 0.0ms (0 queries, 0 cached) | GC: 33.1ms)


  
NoMethodError (undefined method 'known' for class Time):
  
app/controllers/say_controller.rb:3:in 'SayController#hello'
Started GET "/say/hello" for 127.0.0.1 at 2025-01-03 13:07:01 -0500
Processing by SayController#hello as HTML
Completed 500 Internal Server Error in 37ms (ActiveRecord: 0.0ms (0 queries, 0 cached) | GC: 0.0ms)


  
NoMethodError (undefined method 'known' for class Time):
  
app/controllers/say_controller.rb:3:in 'SayController#hello'
Started GET "/say/hello" for 127.0.0.1 at 2025-01-03 13:07:14 -0500
Processing by SayController#hello as HTML
Completed 500 Internal Server Error in 35ms (ActiveRecord: 0.0ms (0 queries, 0 cached) | GC: 0.0ms)


  
NoMethodError (undefined method 'known' for class Time):
  
app/controllers/say_controller.rb:3:in 'SayController#hello'
Started GET "/say/hullo" for ::1 at 2025-01-03 13:07:51 -0500
  
ActionController::RoutingError (No route matches [GET] "/say/hullo"):
  
Started GET "/favicon.ico" for ::1 at 2025-01-03 13:07:52 -0500
  
ActionController::RoutingError (No route matches [GET] "/favicon.ico"):
  
Started PUT "/__web_console/repl_sessions/f8b528a8b9b2e46cee2613b4bcd1ae63" for ::1 at 2025-01-03 13:08:04 -0500
Started PUT "/__web_console/repl_sessions/f8b528a8b9b2e46cee2613b4bcd1ae63" for ::1 at 2025-01-03 13:08:08 -0500
Started GET "/say/hello" for 127.0.0.1 at 2025-01-03 13:08:57 -0500
Processing by SayController#hello as HTML
  Rendering layout layouts/application.html.erb
  Rendering say/hello.html.erb within layouts/application
  Rendered say/hello.html.erb within layouts/application (Duration: 9.7ms | GC: 3.9ms)
  Rendered layout layouts/application.html.erb (Duration: 43.8ms | GC: 3.9ms)
Completed 200 OK in 92ms (Views: 49.8ms | ActiveRecord: 0.0ms (0 queries, 0 cached) | GC: 3.9ms)


Started GET "/say/hullo" for ::1 at 2025-01-03 13:09:03 -0500
  
ActionController::RoutingError (No route matches [GET] "/say/hullo"):
  
Started GET "/say/hello" for ::1 at 2025-01-03 14:40:19 -0500
Processing by SayController#hello as HTML
  Rendering layout layouts/application.html.erb
  Rendering say/hello.html.erb within layouts/application
  Rendered say/hello.html.erb within layouts/application (Duration: 38.2ms | GC: 0.0ms)
  Rendered layout layouts/application.html.erb (Duration: 144.0ms | GC: 0.0ms)
Completed 200 OK in 312ms (Views: 188.2ms | ActiveRecord: 0.0ms (0 queries, 0 cached) | GC: 0.0ms)


Started GET "/assets/application-8b441ae0.css" for ::1 at 2025-01-03 14:40:19 -0500
Started GET "/assets/application-bfcdf840.js" for ::1 at 2025-01-03 14:40:19 -0500
Started GET "/assets/turbo.min-fae85750.js" for ::1 at 2025-01-03 14:40:19 -0500
Started GET "/assets/controllers/hello_controller-708796bd.js" for ::1 at 2025-01-03 14:40:20 -0500
Started GET "/assets/controllers/index-ee64e1f1.js" for ::1 at 2025-01-03 14:40:20 -0500
Started GET "/assets/stimulus.min-4b1e420e.js" for ::1 at 2025-01-03 14:40:20 -0500
Started GET "/assets/stimulus-loading-1fc53fe7.js" for ::1 at 2025-01-03 14:40:20 -0500
Started GET "/assets/controllers/application-3affb389.js" for ::1 at 2025-01-03 14:40:20 -0500
Started GET "/say/hello" for ::1 at 2025-01-03 14:40:33 -0500
Processing by SayController#hello as HTML
Completed 500 Internal Server Error in 56ms (ActiveRecord: 0.0ms (0 queries, 0 cached) | GC: 0.0ms)


  
NoMethodError (undefined method 'known' for class Time):
  
app/controllers/say_controller.rb:3:in 'SayController#hello'
Started PUT "/__web_console/repl_sessions/470fbae77a16f96c344965db6669d07a" for ::1 at 2025-01-03 14:40:38 -0500
Started PUT "/__web_console/repl_sessions/470fbae77a16f96c344965db6669d07a" for ::1 at 2025-01-03 14:40:39 -0500
Started PUT "/__web_console/repl_sessions/470fbae77a16f96c344965db6669d07a" for ::1 at 2025-01-03 14:40:39 -0500
Started GET "/say/hello" for ::1 at 2025-01-03 14:40:50 -0500
Processing by SayController#hello as HTML
  Rendering layout layouts/application.html.erb
  Rendering say/hello.html.erb within layouts/application
  Rendered say/hello.html.erb within layouts/application (Duration: 2.2ms | GC: 0.0ms)
  Rendered layout layouts/application.html.erb (Duration: 39.6ms | GC: 5.7ms)
Completed 200 OK in 86ms (Views: 54.4ms | ActiveRecord: 0.0ms (0 queries, 0 cached) | GC: 5.7ms)


DEPRECATION WARNING: The config.web_console.whitelisted_ips is deprecated and will be ignored in future release of web_console. Please use config.web_console.allowed_ips instead. (called from <main> at /home/student/demo/config/environment.rb:5)
DEPRECATION WARNING: The config.web_console.whitelisted_ips is deprecated and will be ignored in future release of web_console. Please use config.web_console.allowed_ips instead. (called from <main> at /home/student/demo/config/environment.rb:5)
  [1m[36mActiveRecord::SchemaMigration Load (3.5ms)[0m  [1m[34mSELECT "schema_migrations"."version" FROM "schema_migrations" ORDER BY "schema_migrations"."version" ASC /*application='Demo'*/[0m
  [1m[36mActiveRecord::SchemaMigration Load (3.5ms)[0m  [1m[34mSELECT "schema_migrations"."version" FROM "schema_migrations" ORDER BY "schema_migrations"."version" ASC /*application='Demo'*/[0m
DEPRECATION WARNING: The config.web_console.whitelisted_ips is deprecated and will be ignored in future release of web_console. Please use config.web_console.allowed_ips instead. (called from <main> at /home/student/demo/config/environment.rb:5)
  [1m[36mActiveRecord::SchemaMigration Load (3.5ms)[0m  [1m[34mSELECT "schema_migrations"."version" FROM "schema_migrations" ORDER BY "schema_migrations"."version" ASC /*application='Demo'*/[0m
